2026-09-13 15:27:11,047 │ INFO │ Run started — debug=True, id=20260913_152711_4e621d93
2026-09-13 15:27:11,145 │ INFO │ [input] Saved image → original.png
2026-09-13 15:27:11,149 │ INFO │ [input] Saved JSON → metadata.json
2026-09-13 15:27:11,150 │ INFO │ [Input] Original image saved │ params={'resolution': '900x1600'} │ time=0.1015s │ output=original.png
2026-09-13 15:27:11,151 │ INFO │ [Pipeline] Step 1 — Preprocessing & Perspective Warp
2026-09-13 15:27:11,273 │ INFO │ [Quality Gate] PASS │ params={'blur_score': 132.45, 'tilt_deg': 34.0}
2026-09-13 15:27:11,316 │ INFO │ [preprocessing] Saved image → 01_resized.png
2026-09-13 15:27:11,318 │ INFO │ [Preprocessing] Resize applied │ params={'original': '900x1600', 'target_long_edge': 1024, 'scale': 0.64} │ time=0.0014s │ output=01_resized.png
2026-09-13 15:27:11,362 │ INFO │ [preprocessing] Saved image → 02_denoised.png
2026-09-13 15:27:11,363 │ INFO │ [Preprocessing] Gaussian blur applied │ params={'kernel': 5} │ time=0.0017s │ output=02_denoised.png
2026-09-13 15:27:11,616 │ INFO │ [preprocessing] Saved image → 03_color_normalized.png
2026-09-13 15:27:11,618 │ INFO │ [Preprocessing] LAB color normalization applied │ time=0.2097s │ output=03_color_normalized.png
2026-09-13 15:27:11,677 │ INFO │ [preprocessing] Saved image → 04_contrast_enhanced.png
2026-09-13 15:27:11,682 │ INFO │ [Preprocessing] CLAHE contrast enhancement applied │ params={'clip_limit': 2.0, 'tile_grid': '8x8'} │ time=0.0124s │ output=04_contrast_enhanced.png
2026-09-13 15:27:11,749 │ INFO │ [preprocessing] Saved image → 05_edges.png
2026-09-13 15:27:11,759 │ INFO │ [Preprocessing] Canny edge detection │ params={'low': 50, 'high': 150} │ time=0.0424s │ output=05_edges.png
2026-09-13 15:27:11,930 │ INFO │ [preprocessing] Saved image → 06_perspective_warp.png
2026-09-13 15:27:11,945 │ INFO │ [Preprocessing] Warp skipped (no 4-pt contour) │ params={'warped': False} │ output=06_perspective_warp.png
2026-09-13 15:27:11,949 │ INFO │ [Preprocessing] Complete │ params={'output_size': '576x1024'} │ time=0.7948s
2026-09-13 15:27:11,951 │ INFO │ [Pipeline] Step 2 — Compartments & Scale
2026-09-13 15:27:11,980 │ INFO │ [compartments] Saved image → 01_adaptive_threshold.png
2026-09-13 15:27:12,006 │ INFO │ [compartments] Saved image → 02_combined_edges.png
2026-09-13 15:27:12,082 │ INFO │ [compartments] Saved image → 03_compartments_overlay.png
2026-09-13 15:27:12,083 │ INFO │ [Compartment Detection] Detected 0 compartments │ params={'min_area_frac': 0.02, 'max_area_frac': 0.9, 'compartment_count': 0} │ time=0.0177s │ output=03_compartments_overlay.png
2026-09-13 15:27:12,091 │ INFO │ [Scale Calibration] Ellipse-based calibration succeeded │ params={'cm_per_pixel': 0.03331, 'method': 'ellipse'}
2026-09-13 15:27:12,092 │ INFO │ [Compartment Detection] Scale computed │ params={'cm_per_pixel': 0.03331, 'pixel_area_cm2': 0.00110925, 'compartments': 0, 'scale_confidence': 1.0} │ time=0.1402s
2026-09-13 15:27:12,094 │ INFO │ [features] Saved JSON → compartments.json
2026-09-13 15:27:12,095 │ INFO │ [Pipeline] Step 3 — Depth Estimation
2026-09-13 15:27:21,334 │ INFO │ [depth] Saved npy → 01_raw_depth.npy
2026-09-13 15:27:21,345 │ INFO │ [depth] Saved image → 02_depth_normalized.png
2026-09-13 15:27:21,363 │ INFO │ [depth] Saved image → 03_depth_colored.png
2026-09-13 15:27:21,364 │ INFO │ [Depth Estimation] Depth Anything depth map computed (smoothed) │ params={'device': '-1', 'shape': [1024, 576], 'min': 0.203, 'max': 5.202} │ time=9.2350s │ output=03_depth_colored.png
2026-09-13 15:27:21,377 │ INFO │ [depth] Saved npy → 04_height_relative.npy
2026-09-13 15:27:21,399 │ INFO │ [depth] Saved image → 05_height_relative_colored.png
2026-09-13 15:27:21,399 │ INFO │ [Depth Normalization] Baseline subtracted from depth │ params={'baseline': 1.869} │ time=0.0050s │ output=05_height_relative_colored.png
2026-09-13 15:27:21,405 │ INFO │ [depth] Saved npy → 06_height_normalised.npy
2026-09-13 15:27:21,405 │ INFO │ [Depth Normalised [0-1]] Relative depth map normalised to [0,1] │ params={'cm_per_pixel': 0.03331, 'image_width_px': 576, 'max_raw_val': 3.3326} │ time=0.0018s
2026-09-13 15:27:21,407 │ INFO │ [Depth Estimation] Complete │ time=9.3108s
2026-09-13 15:27:21,407 │ INFO │ [Pipeline] Step 4 — Segmentation
2026-09-13 15:28:23,646 │ INFO │ [segmentation] Saved image → 01_mask_item_1.png
2026-09-13 15:28:23,652 │ INFO │ [segmentation] Saved image → 02_mask_item_2.png
2026-09-13 15:28:23,659 │ INFO │ [segmentation] Saved image → 03_mask_item_3.png
2026-09-13 15:28:23,668 │ INFO │ [segmentation] Saved image → 04_mask_item_4.png
2026-09-13 15:28:23,676 │ INFO │ [segmentation] Saved image → 05_mask_item_5.png
2026-09-13 15:28:23,685 │ INFO │ [segmentation] Saved image → 06_mask_item_6.png
2026-09-13 15:28:23,693 │ INFO │ [segmentation] Saved image → 07_mask_item_7.png
2026-09-13 15:28:23,700 │ INFO │ [segmentation] Saved image → 08_mask_item_8.png
2026-09-13 15:28:23,872 │ INFO │ [segmentation] Saved image → 09_segmentation_overlay.png
2026-09-13 15:28:23,872 │ INFO │ [Segmentation] 8 food items segmented │ params={'method': 'FullSAM', 'total_candidates': 29, 'rejected': 21, 'accepted': 8} │ time=62.2334s │ output=09_segmentation_overlay.png
2026-09-13 15:28:23,877 │ INFO │ [Segmentation] 8 food items found │ time=62.4692s
2026-09-13 15:28:23,877 │ INFO │ [Pipeline] Step 5 — Food Classification (OCR-constrained)
2026-09-13 15:28:24,360 │ INFO │ [Classification] Complete │ params={'n_items': 8, 'ocr_labels_used': True} │ time=0.4826s
2026-09-13 15:28:24,361 │ INFO │ [Pipeline] Step 6 — Hungarian Label Assignment
2026-09-13 15:28:24,361 │ INFO │ [Pipeline] Step 7 — Volume & Mass Estimation
2026-09-13 15:28:24,370 │ INFO │ [features] Saved JSON → item_1_dal.json
2026-09-13 15:28:24,379 │ INFO │ [features] Saved JSON → item_2_chutney.json
2026-09-13 15:28:24,387 │ INFO │ [features] Saved JSON → item_3_cake.json
2026-09-13 15:28:24,396 │ INFO │ [features] Saved JSON → item_4_mix veg.json
2026-09-13 15:28:24,407 │ INFO │ [features] Saved JSON → item_5_steamed rice.json
2026-09-13 15:28:24,415 │ INFO │ [features] Saved JSON → item_6_green salad.json
2026-09-13 15:28:24,423 │ INFO │ [features] Saved JSON → item_7_chapati.json
2026-09-13 15:28:24,424 │ INFO │ [Volume Estimation] Computed mass for 7 items │ params={'total_items': 7} │ time=0.0626s
2026-09-13 15:28:24,455 │ INFO │ [volume] Saved image → 01_height_map.png
2026-09-13 15:28:24,573 │ INFO │ [volume] Saved image → 02_final_annotated.png
2026-09-13 15:28:24,575 │ INFO │ [volume] Saved JSON → results.json
2026-09-13 15:28:24,576 │ INFO │ [Pipeline] ✅ Pipeline complete │ params={'total_food_items': 7, 'avg_confidence': 0.9221, 'scale_method': 'ellipse'} │ time=73.5370s
2026-09-13 15:28:24,578 │ INFO │ [logs] Saved JSON → run_log.json
2026-09-13 15:28:24,688 │ INFO │ HTML report generated → report.html
