2026-09-13 15:42:27,242 │ INFO │ Run started — debug=True, id=20260913_154227_d29465dd
2026-09-13 15:42:27,324 │ INFO │ [input] Saved image → original.png
2026-09-13 15:42:27,325 │ INFO │ [input] Saved JSON → metadata.json
2026-09-13 15:42:27,326 │ INFO │ [Input] Original image saved │ params={'resolution': '1600x900'} │ time=0.0832s │ output=original.png
2026-09-13 15:42:27,327 │ INFO │ [Pipeline] Step 1 — Preprocessing & Perspective Warp
2026-09-13 15:42:27,428 │ INFO │ [Quality Gate] PASS │ params={'blur_score': 132.45, 'tilt_deg': 7.5}
2026-09-13 15:42:27,467 │ INFO │ [preprocessing] Saved image → 01_resized.png
2026-09-13 15:42:27,468 │ INFO │ [Preprocessing] Resize applied │ params={'original': '1600x900', 'target_long_edge': 1024, 'scale': 0.64} │ time=0.0016s │ output=01_resized.png
2026-09-13 15:42:27,509 │ INFO │ [preprocessing] Saved image → 02_denoised.png
2026-09-13 15:42:27,510 │ INFO │ [Preprocessing] Gaussian blur applied │ params={'kernel': 5} │ time=0.0015s │ output=02_denoised.png
2026-09-13 15:42:27,754 │ INFO │ [preprocessing] Saved image → 03_color_normalized.png
2026-09-13 15:42:27,754 │ INFO │ [Preprocessing] LAB color normalization applied │ time=0.2050s │ output=03_color_normalized.png
2026-09-13 15:42:27,805 │ INFO │ [preprocessing] Saved image → 04_contrast_enhanced.png
2026-09-13 15:42:27,805 │ INFO │ [Preprocessing] CLAHE contrast enhancement applied │ params={'clip_limit': 2.0, 'tile_grid': '8x8'} │ time=0.0091s │ output=04_contrast_enhanced.png
2026-09-13 15:42:27,824 │ INFO │ [preprocessing] Saved image → 05_edges.png
2026-09-13 15:42:27,825 │ INFO │ [Preprocessing] Canny edge detection │ params={'low': 50, 'high': 150} │ time=0.0123s │ output=05_edges.png
2026-09-13 15:42:27,868 │ INFO │ [preprocessing] Saved image → 06_perspective_warp.png
2026-09-13 15:42:27,868 │ INFO │ [Preprocessing] Warp skipped (no 4-pt contour) │ params={'warped': False} │ output=06_perspective_warp.png
2026-09-13 15:42:27,871 │ INFO │ [Preprocessing] Complete │ params={'output_size': '1024x576'} │ time=0.5431s
2026-09-13 15:42:27,871 │ INFO │ [Pipeline] Step 2 — Compartments & Scale
2026-09-13 15:42:27,889 │ INFO │ [compartments] Saved image → 01_adaptive_threshold.png
2026-09-13 15:42:27,894 │ INFO │ [compartments] Saved image → 02_combined_edges.png
2026-09-13 15:42:27,939 │ INFO │ [compartments] Saved image → 03_compartments_overlay.png
2026-09-13 15:42:27,939 │ INFO │ [Compartment Detection] Detected 0 compartments │ params={'min_area_frac': 0.02, 'max_area_frac': 0.9, 'compartment_count': 0} │ time=0.0117s │ output=03_compartments_overlay.png
2026-09-13 15:42:27,948 │ INFO │ [Scale Calibration] Ellipse-based calibration succeeded │ params={'cm_per_pixel': 0.03367, 'method': 'ellipse'}
2026-09-13 15:42:27,949 │ INFO │ [Compartment Detection] Scale computed │ params={'cm_per_pixel': 0.03367, 'pixel_area_cm2': 0.00113352, 'compartments': 0, 'scale_confidence': 1.0} │ time=0.0779s
2026-09-13 15:42:27,951 │ INFO │ [features] Saved JSON → compartments.json
2026-09-13 15:42:27,952 │ INFO │ [Pipeline] Step 3 — Depth Estimation
2026-09-13 15:42:44,607 │ INFO │ [depth] Saved npy → 01_raw_depth.npy
2026-09-13 15:42:44,622 │ INFO │ [depth] Saved image → 02_depth_normalized.png
2026-09-13 15:42:44,644 │ INFO │ [depth] Saved image → 03_depth_colored.png
2026-09-13 15:42:44,646 │ INFO │ [Depth Estimation] Depth Anything depth map computed (smoothed) │ params={'device': '-1', 'shape': [576, 1024], 'min': 0.371, 'max': 5.649} │ time=16.6496s │ output=03_depth_colored.png
2026-09-13 15:42:44,660 │ INFO │ [depth] Saved npy → 04_height_relative.npy
2026-09-13 15:42:44,685 │ INFO │ [depth] Saved image → 05_height_relative_colored.png
2026-09-13 15:42:44,686 │ INFO │ [Depth Normalization] Baseline subtracted from depth │ params={'baseline': 2.108} │ time=0.0049s │ output=05_height_relative_colored.png
2026-09-13 15:42:44,693 │ INFO │ [depth] Saved npy → 06_height_normalised.npy
2026-09-13 15:42:44,694 │ INFO │ [Depth Normalised [0-1]] Relative depth map normalised to [0,1] │ params={'cm_per_pixel': 0.03367, 'image_width_px': 1024, 'max_raw_val': 3.5403} │ time=0.0028s
2026-09-13 15:42:44,695 │ INFO │ [Depth Estimation] Complete │ time=16.7427s
2026-09-13 15:42:44,696 │ INFO │ [Pipeline] Step 4 — Segmentation
2026-09-13 15:44:25,562 │ INFO │ [segmentation] Saved image → 01_mask_item_1.png
2026-09-13 15:44:25,565 │ INFO │ [segmentation] Saved image → 02_mask_item_2.png
2026-09-13 15:44:25,571 │ INFO │ [segmentation] Saved image → 03_mask_item_3.png
2026-09-13 15:44:25,574 │ INFO │ [segmentation] Saved image → 04_mask_item_4.png
2026-09-13 15:44:25,577 │ INFO │ [segmentation] Saved image → 05_mask_item_5.png
2026-09-13 15:44:25,583 │ INFO │ [segmentation] Saved image → 06_mask_item_6.png
2026-09-13 15:44:25,586 │ INFO │ [segmentation] Saved image → 07_mask_item_7.png
2026-09-13 15:44:25,590 │ INFO │ [segmentation] Saved image → 08_mask_item_8.png
2026-09-13 15:44:25,593 │ INFO │ [segmentation] Saved image → 09_mask_item_9.png
2026-09-13 15:44:25,698 │ INFO │ [segmentation] Saved image → 10_segmentation_overlay.png
2026-09-13 15:44:25,699 │ INFO │ [Segmentation] 9 food items segmented │ params={'method': 'FullSAM', 'total_candidates': 36, 'rejected': 27, 'accepted': 9} │ time=100.8632s │ output=10_segmentation_overlay.png
2026-09-13 15:44:25,702 │ INFO │ [Segmentation] 9 food items found │ time=101.0056s
2026-09-13 15:44:25,702 │ INFO │ [Pipeline] Step 5 — Food Classification (OCR-constrained)
2026-09-13 15:44:25,919 │ INFO │ [Classification] Complete │ params={'n_items': 9, 'ocr_labels_used': True} │ time=0.2174s
2026-09-13 15:44:25,920 │ INFO │ [Pipeline] Step 6 — Hungarian Label Assignment
2026-09-13 15:44:25,944 │ INFO │ [Pipeline] Step 7 — Volume & Mass Estimation
2026-09-13 15:44:25,950 │ INFO │ [features] Saved JSON → item_1_chapati.json
2026-09-13 15:44:25,957 │ INFO │ [features] Saved JSON → item_2_steamed rice.json
2026-09-13 15:44:25,961 │ INFO │ [features] Saved JSON → item_3_mix veg.json
2026-09-13 15:44:25,965 │ INFO │ [features] Saved JSON → item_4_dal.json
2026-09-13 15:44:25,968 │ INFO │ [features] Saved JSON → item_5_green salad.json
2026-09-13 15:44:25,971 │ INFO │ [features] Saved JSON → item_6_cake.json
2026-09-13 15:44:25,975 │ INFO │ [features] Saved JSON → item_7_chutney.json
2026-09-13 15:44:25,976 │ INFO │ [Volume Estimation] Computed mass for 7 items │ params={'total_items': 7} │ time=0.0311s
2026-09-13 15:44:25,996 │ INFO │ [volume] Saved image → 01_height_map.png
2026-09-13 15:44:26,083 │ INFO │ [volume] Saved image → 02_final_annotated.png
2026-09-13 15:44:26,085 │ INFO │ [volume] Saved JSON → results.json
2026-09-13 15:44:26,086 │ INFO │ [Pipeline] ✅ Pipeline complete │ params={'total_food_items': 7, 'avg_confidence': 0.9321, 'scale_method': 'ellipse'} │ time=118.8509s
2026-09-13 15:44:26,088 │ INFO │ [logs] Saved JSON → run_log.json
2026-09-13 15:44:26,207 │ INFO │ HTML report generated → report.html
