2026-09-10 23:53:07,312 │ INFO │ Run started — debug=True, id=20260910_235307_5525e1e4
2026-09-10 23:53:07,415 │ INFO │ [input] Saved image → original.png
2026-09-10 23:53:07,418 │ INFO │ [input] Saved JSON → metadata.json
2026-09-10 23:53:07,418 │ INFO │ [Input] Original image saved │ params={'resolution': '900x1600'} │ time=0.1054s │ output=original.png
2026-09-10 23:53:07,419 │ INFO │ [Pipeline] Step 1 — Preprocessing & Perspective Warp
2026-09-10 23:53:07,558 │ INFO │ [Quality Gate] PASS │ params={'blur_score': 132.45, 'tilt_deg': 34.0}
2026-09-10 23:53:07,609 │ INFO │ [preprocessing] Saved image → 01_resized.png
2026-09-10 23:53:07,612 │ INFO │ [Preprocessing] Resize applied │ params={'original': '900x1600', 'target_long_edge': 1024, 'scale': 0.64} │ time=0.0031s │ output=01_resized.png
2026-09-10 23:53:07,669 │ INFO │ [preprocessing] Saved image → 02_denoised.png
2026-09-10 23:53:07,670 │ INFO │ [Preprocessing] Gaussian blur applied │ params={'kernel': 5} │ time=0.0034s │ output=02_denoised.png
2026-09-10 23:53:07,958 │ INFO │ [preprocessing] Saved image → 03_color_normalized.png
2026-09-10 23:53:07,958 │ INFO │ [Preprocessing] LAB color normalization applied │ time=0.2436s │ output=03_color_normalized.png
2026-09-10 23:53:08,022 │ INFO │ [preprocessing] Saved image → 04_contrast_enhanced.png
2026-09-10 23:53:08,026 │ INFO │ [Preprocessing] CLAHE contrast enhancement applied │ params={'clip_limit': 2.0, 'tile_grid': '8x8'} │ time=0.0116s │ output=04_contrast_enhanced.png
2026-09-10 23:53:08,052 │ INFO │ [preprocessing] Saved image → 05_edges.png
2026-09-10 23:53:08,053 │ INFO │ [Preprocessing] Canny edge detection │ params={'low': 50, 'high': 150} │ time=0.0183s │ output=05_edges.png
2026-09-10 23:53:08,102 │ INFO │ [preprocessing] Saved image → 06_perspective_warp.png
2026-09-10 23:53:08,104 │ INFO │ [Preprocessing] Warp skipped (no 4-pt contour) │ params={'warped': False} │ output=06_perspective_warp.png
2026-09-10 23:53:08,110 │ INFO │ [Preprocessing] Complete │ params={'output_size': '576x1024'} │ time=0.6905s
2026-09-10 23:53:08,111 │ INFO │ [Pipeline] Step 2 — Compartments & Scale
2026-09-10 23:53:08,150 │ INFO │ [compartments] Saved image → 01_adaptive_threshold.png
2026-09-10 23:53:08,157 │ INFO │ [compartments] Saved image → 02_combined_edges.png
2026-09-10 23:53:08,205 │ INFO │ [compartments] Saved image → 03_compartments_overlay.png
2026-09-10 23:53:08,208 │ INFO │ [Compartment Detection] Detected 0 compartments │ params={'min_area_frac': 0.02, 'max_area_frac': 0.9, 'compartment_count': 0} │ time=0.0237s │ output=03_compartments_overlay.png
2026-09-10 23:53:08,222 │ INFO │ [Scale Calibration] Ellipse-based calibration succeeded │ params={'cm_per_pixel': 0.03348, 'method': 'ellipse'}
2026-09-10 23:53:08,224 │ INFO │ [Compartment Detection] Scale computed │ params={'cm_per_pixel': 0.03348, 'pixel_area_cm2': 0.00112101, 'compartments': 0, 'scale_confidence': 1.0} │ time=0.1126s
2026-09-10 23:53:08,226 │ INFO │ [features] Saved JSON → compartments.json
2026-09-10 23:53:08,227 │ INFO │ [Pipeline] Step 3 — Depth Estimation
2026-09-10 23:55:27,433 │ INFO │ [depth] Saved npy → 01_raw_depth.npy
2026-09-10 23:55:27,449 │ INFO │ [depth] Saved image → 02_depth_normalized.png
2026-09-10 23:55:27,489 │ INFO │ [depth] Saved image → 03_depth_colored.png
2026-09-10 23:55:27,493 │ INFO │ [Depth Estimation] Depth Anything depth map computed (smoothed) │ params={'device': '-1', 'shape': [1024, 576], 'min': 0.187, 'max': 5.468} │ time=139.2029s │ output=03_depth_colored.png
2026-09-10 23:55:27,512 │ INFO │ [depth] Saved npy → 04_height_relative.npy
2026-09-10 23:55:27,549 │ INFO │ [depth] Saved image → 05_height_relative_colored.png
2026-09-10 23:55:27,552 │ INFO │ [Depth Normalization] Baseline subtracted from depth │ params={'baseline': 2.031} │ time=0.0107s │ output=05_height_relative_colored.png
2026-09-10 23:55:27,562 │ INFO │ [depth] Saved npy → 06_height_cm.npy
2026-09-10 23:55:27,564 │ INFO │ [Depth → cm Conversion] Height map converted to centimetres │ params={'z_plate_cm': 23.14, 'cm_per_pixel': 0.03348} │ time=0.0044s
2026-09-10 23:55:27,567 │ INFO │ [Depth Estimation] Complete │ time=139.3395s
2026-09-10 23:55:27,568 │ INFO │ [Pipeline] Step 4 — Segmentation
2026-09-10 23:57:43,881 │ INFO │ [segmentation] Saved image → 01_mask_item_1.png
2026-09-10 23:57:43,887 │ INFO │ [segmentation] Saved image → 02_mask_item_2.png
2026-09-10 23:57:43,897 │ INFO │ [segmentation] Saved image → 03_mask_item_3.png
2026-09-10 23:57:43,904 │ INFO │ [segmentation] Saved image → 04_mask_item_4.png
2026-09-10 23:57:43,912 │ INFO │ [segmentation] Saved image → 05_mask_item_5.png
2026-09-10 23:57:43,919 │ INFO │ [segmentation] Saved image → 06_mask_item_6.png
2026-09-10 23:57:43,928 │ INFO │ [segmentation] Saved image → 07_mask_item_7.png
2026-09-10 23:57:43,935 │ INFO │ [segmentation] Saved image → 08_mask_item_8.png
2026-09-10 23:57:43,943 │ INFO │ [segmentation] Saved image → 09_mask_item_9.png
2026-09-10 23:57:43,950 │ INFO │ [segmentation] Saved image → 10_mask_item_10.png
2026-09-10 23:57:43,958 │ INFO │ [segmentation] Saved image → 11_mask_item_11.png
2026-09-10 23:57:43,965 │ INFO │ [segmentation] Saved image → 12_mask_item_12.png
2026-09-10 23:57:43,973 │ INFO │ [segmentation] Saved image → 13_mask_item_13.png
2026-09-10 23:57:43,980 │ INFO │ [segmentation] Saved image → 14_mask_item_14.png
2026-09-10 23:57:43,988 │ INFO │ [segmentation] Saved image → 15_mask_item_15.png
2026-09-10 23:57:43,996 │ INFO │ [segmentation] Saved image → 16_mask_item_16.png
2026-09-10 23:57:44,003 │ INFO │ [segmentation] Saved image → 17_mask_item_17.png
2026-09-10 23:57:44,301 │ INFO │ [segmentation] Saved image → 18_segmentation_overlay.png
2026-09-10 23:57:44,302 │ INFO │ [Segmentation] 17 food items segmented │ params={'method': 'FullSAM', 'total_candidates': 28, 'rejected': 11, 'accepted': 17} │ time=136.3066s │ output=18_segmentation_overlay.png
2026-09-10 23:57:44,304 │ INFO │ [Segmentation] 17 food items found │ time=136.7360s
2026-09-10 23:57:44,304 │ INFO │ [Pipeline] Step 5 — Food Classification (OCR-constrained)
2026-09-10 23:57:59,814 │ INFO │ [Classification] Complete │ params={'n_items': 17, 'ocr_labels_used': True} │ time=15.5090s
2026-09-10 23:57:59,814 │ INFO │ [Pipeline] Step 6 — Hungarian Label Assignment
2026-09-10 23:57:59,815 │ INFO │ [Pipeline] Step 7 — Volume & Mass Estimation
2026-09-10 23:57:59,827 │ INFO │ [features] Saved JSON → item_1_sabzi.json
2026-09-10 23:57:59,833 │ INFO │ [features] Saved JSON → item_2_roti.json
2026-09-10 23:57:59,840 │ INFO │ [features] Saved JSON → item_3_cake.json
2026-09-10 23:57:59,857 │ INFO │ [features] Saved JSON → item_4_fish curry.json
2026-09-10 23:57:59,861 │ INFO │ [features] Saved JSON → item_5_mix veg.json
2026-09-10 23:57:59,867 │ INFO │ [features] Saved JSON → item_6_dal.json
2026-09-10 23:57:59,873 │ INFO │ [features] Saved JSON → item_7_chapati.json
2026-09-10 23:57:59,877 │ INFO │ [features] Saved JSON → item_8_dal.json
2026-09-10 23:57:59,881 │ INFO │ [features] Saved JSON → item_9_fish curry.json
2026-09-10 23:57:59,886 │ INFO │ [features] Saved JSON → item_10_fish curry.json
2026-09-10 23:57:59,891 │ INFO │ [features] Saved JSON → item_11_roti.json
2026-09-10 23:57:59,895 │ INFO │ [features] Saved JSON → item_12_fish curry.json
2026-09-10 23:57:59,900 │ INFO │ [features] Saved JSON → item_13_green salad.json
2026-09-10 23:57:59,904 │ INFO │ [features] Saved JSON → item_14_roti.json
2026-09-10 23:57:59,908 │ INFO │ [features] Saved JSON → item_15_chutney.json
2026-09-10 23:57:59,913 │ INFO │ [features] Saved JSON → item_16_fish curry.json
2026-09-10 23:57:59,918 │ INFO │ [features] Saved JSON → item_17_steamed rice.json
2026-09-10 23:57:59,919 │ INFO │ [Volume Estimation] Computed mass for 17 items │ params={'total_items': 17} │ time=0.1033s
2026-09-10 23:57:59,942 │ INFO │ [volume] Saved image → 01_height_map.png
2026-09-10 23:58:00,095 │ INFO │ [volume] Saved image → 02_final_annotated.png
2026-09-10 23:58:00,097 │ INFO │ [volume] Saved JSON → results.json
2026-09-10 23:58:00,097 │ INFO │ [Pipeline] ✅ Pipeline complete │ params={'total_food_items': 17, 'avg_confidence': 0.8652, 'scale_method': 'ellipse'} │ time=292.7939s
2026-09-10 23:58:00,099 │ INFO │ [logs] Saved JSON → run_log.json
2026-09-10 23:58:00,335 │ INFO │ HTML report generated → report.html
