2026-09-13 14:57:56,640 │ INFO │ Run started — debug=True, id=20260913_145756_fcdf85fd
2026-09-13 14:57:56,737 │ INFO │ [input] Saved image → original.png
2026-09-13 14:57:56,739 │ INFO │ [input] Saved JSON → metadata.json
2026-09-13 14:57:56,741 │ INFO │ [Input] Original image saved │ params={'resolution': '900x1600'} │ time=0.0992s │ output=original.png
2026-09-13 14:57:56,742 │ INFO │ [Pipeline] Step 1 — Preprocessing & Perspective Warp
2026-09-13 14:57:56,874 │ INFO │ [Quality Gate] PASS │ params={'blur_score': 132.45, 'tilt_deg': 34.0}
2026-09-13 14:57:56,917 │ INFO │ [preprocessing] Saved image → 01_resized.png
2026-09-13 14:57:56,919 │ INFO │ [Preprocessing] Resize applied │ params={'original': '900x1600', 'target_long_edge': 1024, 'scale': 0.64} │ time=0.0030s │ output=01_resized.png
2026-09-13 14:57:56,968 │ INFO │ [preprocessing] Saved image → 02_denoised.png
2026-09-13 14:57:56,971 │ INFO │ [Preprocessing] Gaussian blur applied │ params={'kernel': 5} │ time=0.0024s │ output=02_denoised.png
2026-09-13 14:57:57,259 │ INFO │ [preprocessing] Saved image → 03_color_normalized.png
2026-09-13 14:57:57,260 │ INFO │ [Preprocessing] LAB color normalization applied │ time=0.2451s │ output=03_color_normalized.png
2026-09-13 14:57:57,320 │ INFO │ [preprocessing] Saved image → 04_contrast_enhanced.png
2026-09-13 14:57:57,324 │ INFO │ [Preprocessing] CLAHE contrast enhancement applied │ params={'clip_limit': 2.0, 'tile_grid': '8x8'} │ time=0.0116s │ output=04_contrast_enhanced.png
2026-09-13 14:57:57,352 │ INFO │ [preprocessing] Saved image → 05_edges.png
2026-09-13 14:57:57,355 │ INFO │ [Preprocessing] Canny edge detection │ params={'low': 50, 'high': 150} │ time=0.0168s │ output=05_edges.png
2026-09-13 14:57:57,463 │ INFO │ [preprocessing] Saved image → 06_perspective_warp.png
2026-09-13 14:57:57,476 │ INFO │ [Preprocessing] Warp skipped (no 4-pt contour) │ params={'warped': False} │ output=06_perspective_warp.png
2026-09-13 14:57:57,500 │ INFO │ [Preprocessing] Complete │ params={'output_size': '576x1024'} │ time=0.7577s
2026-09-13 14:57:57,513 │ INFO │ [Pipeline] Step 2 — Compartments & Scale
2026-09-13 14:58:01,435 │ INFO │ [compartments] Saved image → 01_adaptive_threshold.png
2026-09-13 14:58:01,438 │ INFO │ [compartments] Saved image → 02_combined_edges.png
2026-09-13 14:58:01,522 │ INFO │ [compartments] Saved image → 03_compartments_overlay.png
2026-09-13 14:58:01,522 │ INFO │ [Compartment Detection] Detected 37 compartments │ params={'min_area_frac': 0.01, 'max_area_frac': 0.6, 'n_contour_cands': 0, 'n_hough_cands': 71, 'n_after_nms': 37} │ time=3.9068s │ output=03_compartments_overlay.png
2026-09-13 14:58:01,532 │ INFO │ [Scale Calibration] Ellipse-based calibration succeeded │ params={'cm_per_pixel': 0.03331, 'method': 'ellipse'}
2026-09-13 14:58:01,532 │ INFO │ [Compartment Detection] Scale computed │ params={'cm_per_pixel': 0.03331, 'pixel_area_cm2': 0.00110925, 'compartments': 37, 'scale_confidence': 1.0} │ time=4.0078s
2026-09-13 14:58:01,534 │ INFO │ [features] Saved JSON → compartments.json
2026-09-13 14:58:01,534 │ INFO │ [Pipeline] Step 3 — Depth Estimation
2026-09-13 14:58:47,644 │ INFO │ [depth] Saved npy → 01_raw_depth.npy
2026-09-13 14:58:47,658 │ INFO │ [depth] Saved image → 02_depth_normalized.png
2026-09-13 14:58:47,677 │ INFO │ [depth] Saved image → 03_depth_colored.png
2026-09-13 14:58:47,678 │ INFO │ [Depth Estimation] Depth Anything depth map computed (smoothed) │ params={'device': '-1', 'shape': [1024, 576], 'min': 0.203, 'max': 5.202} │ time=46.1070s │ output=03_depth_colored.png
2026-09-13 14:58:47,688 │ INFO │ [depth] Saved npy → 04_height_relative.npy
2026-09-13 14:58:47,716 │ INFO │ [depth] Saved image → 05_height_relative_colored.png
2026-09-13 14:58:47,717 │ INFO │ [Depth Normalization] Baseline subtracted from depth │ params={'baseline': 0.303} │ time=0.0013s │ output=05_height_relative_colored.png
2026-09-13 14:58:47,726 │ INFO │ [depth] Saved npy → 06_height_normalised.npy
2026-09-13 14:58:47,727 │ INFO │ [Depth Normalised [0-1]] Relative depth map normalised to [0,1] │ params={'cm_per_pixel': 0.03331, 'image_width_px': 576, 'max_raw_val': 4.8985} │ time=0.0039s
2026-09-13 14:58:47,729 │ INFO │ [Depth Estimation] Complete │ time=46.1948s
2026-09-13 14:58:47,730 │ INFO │ [Pipeline] Step 4 — Segmentation
2026-09-13 15:03:39,743 │ INFO │ [segmentation] Saved image → 01_mask_item_1.png
2026-09-13 15:03:39,747 │ INFO │ [segmentation] Saved image → 02_mask_item_2.png
2026-09-13 15:03:39,752 │ INFO │ [segmentation] Saved image → 03_mask_item_3.png
2026-09-13 15:03:39,755 │ INFO │ [segmentation] Saved image → 04_mask_item_4.png
2026-09-13 15:03:39,759 │ INFO │ [segmentation] Saved image → 05_mask_item_5.png
2026-09-13 15:03:39,764 │ INFO │ [segmentation] Saved image → 06_mask_item_6.png
2026-09-13 15:03:39,769 │ INFO │ [segmentation] Saved image → 07_mask_item_7.png
2026-09-13 15:03:39,859 │ INFO │ [segmentation] Saved image → 08_segmentation_overlay.png
2026-09-13 15:03:39,860 │ INFO │ [Segmentation] 7 food items segmented │ params={'method': 'FullSAM-per-compartment', 'total_candidates': 37, 'rejected': 30, 'accepted': 7} │ time=291.0371s │ output=08_segmentation_overlay.png
2026-09-13 15:03:39,861 │ INFO │ [Segmentation] 7 food items found │ time=292.1307s
2026-09-13 15:03:39,861 │ INFO │ [Pipeline] Step 5 — Food Classification (OCR-constrained)
2026-09-13 15:03:40,133 │ INFO │ [Classification] Complete │ params={'n_items': 7, 'ocr_labels_used': True} │ time=0.2720s
2026-09-13 15:03:40,134 │ INFO │ [Pipeline] Step 6 — Hungarian Label Assignment
2026-09-13 15:03:41,015 │ INFO │ [Pipeline] Step 7 — Volume & Mass Estimation
2026-09-13 15:03:41,024 │ INFO │ [features] Saved JSON → item_1_mix veg.json
2026-09-13 15:03:41,030 │ INFO │ [features] Saved JSON → item_2_green salad.json
2026-09-13 15:03:41,036 │ INFO │ [features] Saved JSON → item_3_chutney.json
2026-09-13 15:03:41,040 │ INFO │ [features] Saved JSON → item_4_steamed rice.json
2026-09-13 15:03:41,046 │ INFO │ [features] Saved JSON → item_5_dal.json
2026-09-13 15:03:41,051 │ INFO │ [features] Saved JSON → item_6_chapati.json
2026-09-13 15:03:41,056 │ INFO │ [features] Saved JSON → item_7_cake.json
2026-09-13 15:03:41,057 │ INFO │ [Volume Estimation] Computed mass for 7 items │ params={'total_items': 7} │ time=0.0413s
2026-09-13 15:03:41,075 │ INFO │ [volume] Saved image → 01_height_map.png
2026-09-13 15:03:41,153 │ INFO │ [volume] Saved image → 02_final_annotated.png
2026-09-13 15:03:41,155 │ INFO │ [volume] Saved JSON → results.json
2026-09-13 15:03:41,156 │ INFO │ [Pipeline] ✅ Pipeline complete │ params={'total_food_items': 7, 'avg_confidence': 0.9043, 'scale_method': 'ellipse'} │ time=344.5232s
2026-09-13 15:03:41,157 │ INFO │ [logs] Saved JSON → run_log.json
2026-09-13 15:03:41,317 │ INFO │ HTML report generated → report.html
