2026-04-12 17:04:55,522 │ INFO │ Run started — debug=True, id=20260412_170455_f544fd4d
2026-04-12 17:04:55,570 │ INFO │ [input] Saved image → original.png
2026-04-12 17:04:55,572 │ INFO │ [input] Saved JSON → metadata.json
2026-04-12 17:04:55,572 │ INFO │ [Input] Original image saved │ params={'resolution': '857x644'} │ time=0.0496s │ output=original.png
2026-04-12 17:04:55,572 │ INFO │ [Pipeline] Step 1 — Preprocessing & Perspective Warp
2026-04-12 17:04:55,658 │ INFO │ [Quality Gate] PASS │ params={'blur_score': 867.82, 'tilt_deg': 45.0}
2026-04-12 17:04:55,722 │ INFO │ [preprocessing] Saved image → 01_resized.png
2026-04-12 17:04:55,722 │ INFO │ [Preprocessing] Resize applied │ params={'original': '857x644', 'target_long_edge': 1024, 'scale': 1.1949} │ time=0.0031s │ output=01_resized.png
2026-04-12 17:04:55,785 │ INFO │ [preprocessing] Saved image → 02_denoised.png
2026-04-12 17:04:55,785 │ INFO │ [Preprocessing] Gaussian blur applied │ params={'kernel': 5} │ time=0.0032s │ output=02_denoised.png
2026-04-12 17:04:56,075 │ INFO │ [preprocessing] Saved image → 03_color_normalized.png
2026-04-12 17:04:56,078 │ INFO │ [Preprocessing] LAB color normalization applied │ time=0.2328s │ output=03_color_normalized.png
2026-04-12 17:04:56,165 │ INFO │ [preprocessing] Saved image → 04_contrast_enhanced.png
2026-04-12 17:04:56,165 │ INFO │ [Preprocessing] CLAHE contrast enhancement applied │ params={'clip_limit': 2.0, 'tile_grid': '8x8'} │ time=0.0188s │ output=04_contrast_enhanced.png
2026-04-12 17:04:56,189 │ INFO │ [preprocessing] Saved image → 05_edges.png
2026-04-12 17:04:56,190 │ INFO │ [Preprocessing] Canny edge detection │ params={'low': 50, 'high': 150} │ time=0.0164s │ output=05_edges.png
2026-04-12 17:04:56,254 │ INFO │ [preprocessing] Saved image → 06_perspective_warp.png
2026-04-12 17:04:56,254 │ INFO │ [Preprocessing] Warp skipped (no 4-pt contour) │ params={'warped': False} │ output=06_perspective_warp.png
2026-04-12 17:04:56,258 │ INFO │ [Preprocessing] Complete │ params={'output_size': '1023x769'} │ time=0.6850s
2026-04-12 17:04:56,258 │ INFO │ [Pipeline] Step 2 — Compartments & Scale
2026-04-12 17:04:56,292 │ INFO │ [compartments] Saved image → 01_adaptive_threshold.png
2026-04-12 17:04:56,297 │ INFO │ [compartments] Saved image → 02_combined_edges.png
2026-04-12 17:04:56,362 │ INFO │ [compartments] Saved image → 03_compartments_overlay.png
2026-04-12 17:04:56,362 │ INFO │ [Compartment Detection] Detected 0 compartments │ params={'min_area_frac': 0.02, 'max_area_frac': 0.9, 'compartment_count': 0} │ time=0.0236s │ output=03_compartments_overlay.png
2026-04-12 17:04:56,373 │ INFO │ [Scale Calibration] Ellipse-based calibration succeeded │ params={'cm_per_pixel': 0.02631, 'method': 'ellipse'}
2026-04-12 17:04:56,374 │ INFO │ [Compartment Detection] Scale computed │ params={'cm_per_pixel': 0.02631, 'pixel_area_cm2': 0.00069219, 'compartments': 0, 'scale_confidence': 1.0} │ time=0.1156s
2026-04-12 17:04:56,376 │ INFO │ [features] Saved JSON → compartments.json
2026-04-12 17:04:56,377 │ INFO │ [Pipeline] Step 3 — Depth Estimation
2026-04-12 17:05:32,745 │ INFO │ [depth] Saved npy → 01_raw_depth.npy
2026-04-12 17:05:32,758 │ INFO │ [depth] Saved image → 02_depth_normalized.png
2026-04-12 17:05:32,785 │ INFO │ [depth] Saved image → 03_depth_colored.png
2026-04-12 17:05:32,786 │ INFO │ [Depth Estimation] Depth Anything depth map computed (smoothed) │ params={'device': '-1', 'shape': [769, 1023], 'min': 0.434, 'max': 6.088} │ time=36.3640s │ output=03_depth_colored.png
2026-04-12 17:05:32,801 │ INFO │ [depth] Saved npy → 04_height_relative.npy
2026-04-12 17:05:32,834 │ INFO │ [depth] Saved image → 05_height_relative_colored.png
2026-04-12 17:05:32,834 │ INFO │ [Depth Normalization] Baseline subtracted from depth │ params={'baseline': 2.593} │ time=0.0093s │ output=05_height_relative_colored.png
2026-04-12 17:05:32,844 │ INFO │ [depth] Saved npy → 06_height_cm.npy
2026-04-12 17:05:32,845 │ INFO │ [Depth → cm Conversion] Height map converted to centimetres │ params={'z_plate_cm': 32.3, 'cm_per_pixel': 0.02631} │ time=0.0050s
2026-04-12 17:05:32,847 │ INFO │ [Depth Estimation] Complete │ time=36.4690s
2026-04-12 17:05:32,847 │ INFO │ [Pipeline] Step 4 — Segmentation
