2026-09-13 16:01:25,279 │ INFO │ Run started — debug=True, id=20260913_160125_233ab361
2026-09-13 16:01:25,334 │ INFO │ [input] Saved image → original.png
2026-09-13 16:01:25,335 │ INFO │ [input] Saved JSON → metadata.json
2026-09-13 16:01:25,335 │ INFO │ [Input] Original image saved │ params={'resolution': '1600x900'} │ time=0.0561s │ output=original.png
2026-09-13 16:01:25,335 │ INFO │ [Pipeline] Step 1 — Preprocessing & Perspective Warp
2026-09-13 16:01:25,381 │ INFO │ [Quality Gate] PASS │ params={'blur_score': 132.45, 'tilt_deg': 7.5}
2026-09-13 16:01:25,407 │ INFO │ [preprocessing] Saved image → 01_resized.png
2026-09-13 16:01:25,408 │ INFO │ [Preprocessing] Resize applied │ params={'original': '1600x900', 'target_long_edge': 1024, 'scale': 0.64} │ time=0.0007s │ output=01_resized.png
2026-09-13 16:01:25,435 │ INFO │ [preprocessing] Saved image → 02_denoised.png
2026-09-13 16:01:25,436 │ INFO │ [Preprocessing] Gaussian blur applied │ params={'kernel': 5} │ time=0.0007s │ output=02_denoised.png
2026-09-13 16:01:25,476 │ INFO │ [preprocessing] Saved image → 03_color_normalized.png
2026-09-13 16:01:25,477 │ INFO │ [Preprocessing] LAB color normalization applied │ time=0.0150s │ output=03_color_normalized.png
2026-09-13 16:01:25,507 │ INFO │ [preprocessing] Saved image → 04_contrast_enhanced.png
2026-09-13 16:01:25,507 │ INFO │ [Preprocessing] CLAHE contrast enhancement applied │ params={'clip_limit': 2.0, 'tile_grid': '8x8'} │ time=0.0035s │ output=04_contrast_enhanced.png
2026-09-13 16:01:25,517 │ INFO │ [preprocessing] Saved image → 05_edges.png
2026-09-13 16:01:25,517 │ INFO │ [Preprocessing] Canny edge detection │ params={'low': 50, 'high': 150} │ time=0.0060s │ output=05_edges.png
2026-09-13 16:01:25,544 │ INFO │ [preprocessing] Saved image → 06_perspective_warp.png
2026-09-13 16:01:25,544 │ INFO │ [Preprocessing] Warp skipped (no 4-pt contour) │ params={'warped': False} │ output=06_perspective_warp.png
2026-09-13 16:01:25,546 │ INFO │ [Preprocessing] Complete │ params={'output_size': '1024x576'} │ time=0.2099s
2026-09-13 16:01:25,546 │ INFO │ [Pipeline] Step 2 — Compartments & Scale
2026-09-13 16:01:25,556 │ INFO │ [compartments] Saved image → 01_adaptive_threshold.png
2026-09-13 16:01:25,559 │ INFO │ [compartments] Saved image → 02_combined_edges.png
2026-09-13 16:01:25,587 │ INFO │ [compartments] Saved image → 03_compartments_overlay.png
2026-09-13 16:01:25,587 │ INFO │ [Compartment Detection] Detected 0 compartments │ params={'min_area_frac': 0.02, 'max_area_frac': 0.9, 'compartment_count': 0} │ time=0.0054s │ output=03_compartments_overlay.png
2026-09-13 16:01:25,591 │ INFO │ [Scale Calibration] Ellipse-based calibration succeeded │ params={'cm_per_pixel': 0.03367, 'method': 'ellipse'}
2026-09-13 16:01:25,592 │ INFO │ [Compartment Detection] Scale computed │ params={'cm_per_pixel': 0.03367, 'pixel_area_cm2': 0.00113352, 'compartments': 0, 'scale_confidence': 1.0} │ time=0.0455s
2026-09-13 16:01:25,592 │ INFO │ [features] Saved JSON → compartments.json
2026-09-13 16:01:25,593 │ INFO │ [Pipeline] Step 3 — Depth Estimation
2026-09-13 16:01:26,673 │ INFO │ [depth] Saved npy → 01_raw_depth.npy
2026-09-13 16:01:26,684 │ INFO │ [depth] Saved image → 02_depth_normalized.png
2026-09-13 16:01:26,702 │ INFO │ [depth] Saved image → 03_depth_colored.png
2026-09-13 16:01:26,703 │ INFO │ [Depth Estimation] Depth Anything depth map computed (smoothed) │ params={'device': '-1', 'shape': [576, 1024], 'min': 0.371, 'max': 5.649} │ time=1.0774s │ output=03_depth_colored.png
2026-09-13 16:01:26,712 │ INFO │ [depth] Saved npy → 04_height_relative.npy
2026-09-13 16:01:26,731 │ INFO │ [depth] Saved image → 05_height_relative_colored.png
2026-09-13 16:01:26,731 │ INFO │ [Depth Normalization] Baseline subtracted from depth │ params={'baseline': 2.108} │ time=0.0038s │ output=05_height_relative_colored.png
2026-09-13 16:01:26,736 │ INFO │ [depth] Saved npy → 06_height_normalised.npy
2026-09-13 16:01:26,737 │ INFO │ [Depth Normalised [0-1]] Relative depth map normalised to [0,1] │ params={'cm_per_pixel': 0.03367, 'image_width_px': 1024, 'max_raw_val': 3.5403} │ time=0.0016s
2026-09-13 16:01:26,738 │ INFO │ [Depth Estimation] Complete │ time=1.1454s
2026-09-13 16:01:26,738 │ INFO │ [Pipeline] Step 4 — Segmentation
2026-09-13 16:02:41,532 │ INFO │ [segmentation] Saved image → 01_mask_item_1.png
2026-09-13 16:02:41,535 │ INFO │ [segmentation] Saved image → 02_mask_item_2.png
2026-09-13 16:02:41,543 │ INFO │ [segmentation] Saved image → 03_mask_item_3.png
2026-09-13 16:02:41,546 │ INFO │ [segmentation] Saved image → 04_mask_item_4.png
2026-09-13 16:02:41,549 │ INFO │ [segmentation] Saved image → 05_mask_item_5.png
2026-09-13 16:02:41,552 │ INFO │ [segmentation] Saved image → 06_mask_item_6.png
2026-09-13 16:02:41,556 │ INFO │ [segmentation] Saved image → 07_mask_item_7.png
2026-09-13 16:02:41,559 │ INFO │ [segmentation] Saved image → 08_mask_item_8.png
2026-09-13 16:02:41,562 │ INFO │ [segmentation] Saved image → 09_mask_item_9.png
2026-09-13 16:02:41,639 │ INFO │ [segmentation] Saved image → 10_segmentation_overlay.png
2026-09-13 16:02:41,639 │ INFO │ [Segmentation] 9 food items segmented │ params={'method': 'FullSAM', 'total_candidates': 36, 'rejected': 27, 'accepted': 9} │ time=74.7906s │ output=10_segmentation_overlay.png
2026-09-13 16:02:41,642 │ INFO │ [Segmentation] 9 food items found │ time=74.9038s
2026-09-13 16:02:41,643 │ INFO │ [Pipeline] Step 5 — Food Classification (OCR-constrained)
2026-09-13 16:02:41,830 │ INFO │ [Classification] Complete │ params={'n_items': 9, 'ocr_labels_used': True} │ time=0.1865s
2026-09-13 16:02:41,830 │ INFO │ [Pipeline] Step 6 — Hungarian Label Assignment
2026-09-13 16:02:41,855 │ INFO │ [Pipeline] Step 7 — Volume & Mass Estimation
2026-09-13 16:02:41,862 │ INFO │ [features] Saved JSON → item_1_chapati.json
2026-09-13 16:02:41,871 │ INFO │ [features] Saved JSON → item_2_steamed rice.json
2026-09-13 16:02:41,877 │ INFO │ [features] Saved JSON → item_3_mix veg.json
2026-09-13 16:02:41,882 │ INFO │ [features] Saved JSON → item_4_dal.json
2026-09-13 16:02:41,886 │ INFO │ [features] Saved JSON → item_5_green salad.json
2026-09-13 16:02:41,890 │ INFO │ [features] Saved JSON → item_6_cake.json
2026-09-13 16:02:41,894 │ INFO │ [features] Saved JSON → item_7_chutney.json
2026-09-13 16:02:41,894 │ INFO │ [Volume Estimation] Computed mass for 7 items │ params={'total_items': 7} │ time=0.0385s
2026-09-13 16:02:41,915 │ INFO │ [volume] Saved image → 01_height_map.png
2026-09-13 16:02:42,008 │ INFO │ [volume] Saved image → 02_final_annotated.png
2026-09-13 16:02:42,011 │ INFO │ [volume] Saved JSON → results.json
2026-09-13 16:02:42,012 │ INFO │ [Pipeline] ✅ Pipeline complete │ params={'total_food_items': 7, 'avg_confidence': 0.9321, 'scale_method': 'ellipse'} │ time=76.7381s
2026-09-13 16:02:42,013 │ INFO │ [logs] Saved JSON → run_log.json
2026-09-13 16:02:42,042 │ INFO │ HTML report generated → report.html
