2026-09-13 15:59:37,518 │ INFO │ Run started — debug=True, id=20260913_155937_627a20b4
2026-09-13 15:59:37,773 │ INFO │ [input] Saved image → original.png
2026-09-13 15:59:37,787 │ INFO │ [input] Saved JSON → metadata.json
2026-09-13 15:59:37,795 │ INFO │ [Input] Original image saved │ params={'resolution': '1600x900'} │ time=0.2768s │ output=original.png
2026-09-13 15:59:37,796 │ INFO │ [Pipeline] Step 1 — Preprocessing & Perspective Warp
2026-09-13 15:59:37,929 │ INFO │ [Quality Gate] PASS │ params={'blur_score': 132.45, 'tilt_deg': 7.5}
2026-09-13 15:59:37,982 │ INFO │ [preprocessing] Saved image → 01_resized.png
2026-09-13 15:59:37,983 │ INFO │ [Preprocessing] Resize applied │ params={'original': '1600x900', 'target_long_edge': 1024, 'scale': 0.64} │ time=0.0024s │ output=01_resized.png
2026-09-13 15:59:38,031 │ INFO │ [preprocessing] Saved image → 02_denoised.png
2026-09-13 15:59:38,033 │ INFO │ [Preprocessing] Gaussian blur applied │ params={'kernel': 5} │ time=0.0014s │ output=02_denoised.png
2026-09-13 15:59:38,107 │ INFO │ [preprocessing] Saved image → 03_color_normalized.png
2026-09-13 15:59:38,107 │ INFO │ [Preprocessing] LAB color normalization applied │ time=0.0332s │ output=03_color_normalized.png
2026-09-13 15:59:38,173 │ INFO │ [preprocessing] Saved image → 04_contrast_enhanced.png
2026-09-13 15:59:38,174 │ INFO │ [Preprocessing] CLAHE contrast enhancement applied │ params={'clip_limit': 2.0, 'tile_grid': '8x8'} │ time=0.0174s │ output=04_contrast_enhanced.png
2026-09-13 15:59:38,192 │ INFO │ [preprocessing] Saved image → 05_edges.png
2026-09-13 15:59:38,194 │ INFO │ [Preprocessing] Canny edge detection │ params={'low': 50, 'high': 150} │ time=0.0115s │ output=05_edges.png
2026-09-13 15:59:38,241 │ INFO │ [preprocessing] Saved image → 06_perspective_warp.png
2026-09-13 15:59:38,242 │ INFO │ [Preprocessing] Warp skipped (no 4-pt contour) │ params={'warped': False} │ output=06_perspective_warp.png
2026-09-13 15:59:38,245 │ INFO │ [Preprocessing] Complete │ params={'output_size': '1024x576'} │ time=0.4479s
2026-09-13 15:59:38,246 │ INFO │ [Pipeline] Step 2 — Compartments & Scale
2026-09-13 15:59:38,269 │ INFO │ [compartments] Saved image → 01_adaptive_threshold.png
2026-09-13 15:59:38,275 │ INFO │ [compartments] Saved image → 02_combined_edges.png
2026-09-13 15:59:38,323 │ INFO │ [compartments] Saved image → 03_compartments_overlay.png
2026-09-13 15:59:38,324 │ INFO │ [Compartment Detection] Detected 0 compartments │ params={'min_area_frac': 0.02, 'max_area_frac': 0.9, 'compartment_count': 0} │ time=0.0160s │ output=03_compartments_overlay.png
2026-09-13 15:59:38,332 │ INFO │ [Scale Calibration] Ellipse-based calibration succeeded │ params={'cm_per_pixel': 0.03367, 'method': 'ellipse'}
2026-09-13 15:59:38,333 │ INFO │ [Compartment Detection] Scale computed │ params={'cm_per_pixel': 0.03367, 'pixel_area_cm2': 0.00113352, 'compartments': 0, 'scale_confidence': 1.0} │ time=0.0872s
2026-09-13 15:59:38,335 │ INFO │ [features] Saved JSON → compartments.json
2026-09-13 15:59:38,337 │ INFO │ [Pipeline] Step 3 — Depth Estimation
2026-09-13 15:59:40,161 │ INFO │ [depth] Saved npy → 01_raw_depth.npy
2026-09-13 15:59:40,171 │ INFO │ [depth] Saved image → 02_depth_normalized.png
2026-09-13 15:59:40,190 │ INFO │ [depth] Saved image → 03_depth_colored.png
2026-09-13 15:59:40,191 │ INFO │ [Depth Estimation] Depth Anything depth map computed (smoothed) │ params={'device': '-1', 'shape': [576, 1024], 'min': 0.371, 'max': 5.649} │ time=1.8200s │ output=03_depth_colored.png
2026-09-13 15:59:40,200 │ INFO │ [depth] Saved npy → 04_height_relative.npy
2026-09-13 15:59:40,223 │ INFO │ [depth] Saved image → 05_height_relative_colored.png
2026-09-13 15:59:40,224 │ INFO │ [Depth Normalization] Baseline subtracted from depth │ params={'baseline': 2.108} │ time=0.0040s │ output=05_height_relative_colored.png
2026-09-13 15:59:40,230 │ INFO │ [depth] Saved npy → 06_height_normalised.npy
2026-09-13 15:59:40,230 │ INFO │ [Depth Normalised [0-1]] Relative depth map normalised to [0,1] │ params={'cm_per_pixel': 0.03367, 'image_width_px': 1024, 'max_raw_val': 3.5403} │ time=0.0018s
2026-09-13 15:59:40,232 │ INFO │ [Depth Estimation] Complete │ time=1.8939s
2026-09-13 15:59:40,232 │ INFO │ [Pipeline] Step 4 — Segmentation
2026-09-13 16:01:24,783 │ INFO │ [segmentation] Saved image → 01_mask_item_1.png
2026-09-13 16:01:24,786 │ INFO │ [segmentation] Saved image → 02_mask_item_2.png
2026-09-13 16:01:24,789 │ INFO │ [segmentation] Saved image → 03_mask_item_3.png
2026-09-13 16:01:24,792 │ INFO │ [segmentation] Saved image → 04_mask_item_4.png
2026-09-13 16:01:24,795 │ INFO │ [segmentation] Saved image → 05_mask_item_5.png
2026-09-13 16:01:24,799 │ INFO │ [segmentation] Saved image → 06_mask_item_6.png
2026-09-13 16:01:24,801 │ INFO │ [segmentation] Saved image → 07_mask_item_7.png
2026-09-13 16:01:24,804 │ INFO │ [segmentation] Saved image → 08_mask_item_8.png
2026-09-13 16:01:24,807 │ INFO │ [segmentation] Saved image → 09_mask_item_9.png
2026-09-13 16:01:24,889 │ INFO │ [segmentation] Saved image → 10_segmentation_overlay.png
2026-09-13 16:01:24,890 │ INFO │ [Segmentation] 9 food items segmented │ params={'method': 'FullSAM', 'total_candidates': 36, 'rejected': 27, 'accepted': 9} │ time=104.5475s │ output=10_segmentation_overlay.png
2026-09-13 16:01:24,892 │ INFO │ [Segmentation] 9 food items found │ time=104.6598s
2026-09-13 16:01:24,892 │ INFO │ [Pipeline] Step 5 — Food Classification (OCR-constrained)
2026-09-13 16:01:25,045 │ INFO │ [Classification] Complete │ params={'n_items': 9, 'ocr_labels_used': True} │ time=0.1524s
2026-09-13 16:01:25,045 │ INFO │ [Pipeline] Step 6 — Hungarian Label Assignment
2026-09-13 16:01:25,070 │ INFO │ [Pipeline] Step 7 — Volume & Mass Estimation
2026-09-13 16:01:25,077 │ INFO │ [features] Saved JSON → item_1_chapati.json
2026-09-13 16:01:25,085 │ INFO │ [features] Saved JSON → item_2_steamed rice.json
2026-09-13 16:01:25,089 │ INFO │ [features] Saved JSON → item_3_mix veg.json
2026-09-13 16:01:25,092 │ INFO │ [features] Saved JSON → item_4_dal.json
2026-09-13 16:01:25,095 │ INFO │ [features] Saved JSON → item_5_green salad.json
2026-09-13 16:01:25,099 │ INFO │ [features] Saved JSON → item_6_cake.json
2026-09-13 16:01:25,103 │ INFO │ [features] Saved JSON → item_7_chutney.json
2026-09-13 16:01:25,103 │ INFO │ [Volume Estimation] Computed mass for 7 items │ params={'total_items': 7} │ time=0.0329s
2026-09-13 16:01:25,123 │ INFO │ [volume] Saved image → 01_height_map.png
2026-09-13 16:01:25,201 │ INFO │ [volume] Saved image → 02_final_annotated.png
2026-09-13 16:01:25,203 │ INFO │ [volume] Saved JSON → results.json
2026-09-13 16:01:25,204 │ INFO │ [Pipeline] ✅ Pipeline complete │ params={'total_food_items': 7, 'avg_confidence': 0.9321, 'scale_method': 'ellipse'} │ time=107.6946s
2026-09-13 16:01:25,206 │ INFO │ [logs] Saved JSON → run_log.json
2026-09-13 16:01:25,252 │ INFO │ HTML report generated → report.html
